Header:1-10:[
	B:[3,3,0]{147-0},
	B:[4,4,0]{143-0},
	C:[2,2,0]{98-0},
	B:[1,1,0]{142-0},
	B:[3,3,0]{139-0},
	B:[5,5,0]{134-0},
	C:[3,3,0]{92-0},
	A:[4,4,0]{146-0},
	C:[4,4,0]{88-0}
]
Header:3-10:
]
Header:6-10:[
	A:[3,3,0]{143-0},
	A:[3,3,0]{140-0},
	C:[3,3,0]{81-0}
]
Header:7-10:[
	C:[1,1,0]{80-0},
	A:[3,3,0]{137-0}
]
Header:9-10:
]
Header:10-10:[
	C:[5,5,0]{71-0},
	A:[5,5,0]{132-0},
	A:[1,1,0]{131-0},
	A:[4,4,0]{127-0}
]
Header:11-10:[
	C:[2,2,0]{68-0}
]
Header:12-10:[
	A:[5,5,0]{122-0},
	C:[4,4,0]{55-0},
	C:[3,3,0]{52-0},
	C:[5,5,0]{47-0}
]
Header:2-12:
]
Header:3-12:
]
Header:4-12:[
	A:[5,5,0]{117-0},
	C:[1,1,0]{46-0},
	D:[2,2,0]{74-0},
	A:[4,4,0]{113-0},
	D:[2,2,0]{72-0},
	A:[4,4,0]{109-0},
	D:[5,5,0]{66-0},
	D:[4,4,0]{62-0}
]
Header:6-12:[
	D:[3,3,0]{59-0},
	C:[2,2,0]{41-0},
	D:[3,3,0]{56-0},
	C:[5,5,0]{36-0},
	D:[3,3,0]{53-0},
	D:[2,2,0]{51-0},
	D:[1,1,0]{50-0}
]
Header:7-12:[
	D:[4,4,0]{46-0},
	D:[1,1,0]{45-0},
	A:[4,4,0]{105-0}
]
Header:8-12:
]
Header:9-12:[
	D:[5,5,0]{40-0}
]
Header:10-12:[
	D:[4,4,0]{36-0}
]
Header:11-12:[
	C:[5,5,0]{31-0},
	D:[2,2,0]{34-0},
	D:[4,4,0]{30-0},
	C:[4,4,0]{27-0},
	D:[5,5,0]{25-0},
	A:[5,5,0]{100-0},
	A:[5,5,0]{95-0},
	C:[1,1,0]{26-0}
]
Header:13-12:[
	A:[3,3,0]{92-0}
]
Header:15-12:
]
Header:16-12:[
	A:[3,3,0]{89-0},
	A:[1,1,0]{88-0}
]
Header:18-12:[
	A:[3,3,0]{85-0},
	D:[1,1,0]{21-0},
	A:[3,3,0]{82-0},
	C:[4,4,0]{19-0}
]
Header:19-12:[
	A:[3,3,0]{79-0}
]
Header:21-12:[
	C:[4,4,0]{15-0},
	D:[2,2,0]{19-0}
]
Header:22-12:[
	D:[2,2,0]{17-0},
	D:[4,4,0]{6-0}
]
Header:14-10:[
	B:[4,4,0]{130-0},
	C:[3,3,0]{9-0},
	C:[2,2,0]{7-0}
]
Header:17-10:[
	A:[3,3,0]{76-0},
	C:[3,0,3]{1-3}
]
Header:21-10:[
	C:[5,0,5]{1-8},
	B:[3,3,0]{127-0},
	A:[2,2,0]{74-0},
	A:[5,5,0]{69-0},
	C:[4,0,4]{1-16},
	A:[1,1,0]{68-0},
	B:[2,2,0]{125-0},
	C:[1,1,0]{0-21},
	C:[5,0,5]{1-30}
]
Header:26-10:[
	C:[3,0,3]{0-33}
]
Header:27-10:[
	A:[4,4,0]{64-0},
	B:[4,4,0]{121-0},
	C:[4,0,4]{0-37},
	A:[5,5,0]{59-0},
	B:[4,4,0]{117-0},
	A:[3,3,0]{56-0},
	C:[3,0,3]{0-40},
	B:[2,2,0]{115-0}
]
Header:28-10:[
	C:[5,0,5]{0-47},
	A:[3,3,0]{53-0}
]
Header:30-10:[
	A:[5,5,0]{48-0},
	B:[5,5,0]{110-0},
	C:[4,0,4]{0-51}
]
Header:33-10:[
	C:[3,0,3]{0-54},
	A:[5,5,0]{43-0},
	B:[5,5,0]{105-0},
	B:[3,3,0]{102-0}
]
Header:34-10:[
	A:[3,3,0]{40-0},
	A:[2,2,0]{38-0}
]
Header:35-10:[
	A:[3,3,0]{35-0},
	A:[2,2,0]{33-0},
	A:[2,2,0]{31-0},
	C:[2,0,2]{0-60},
	C:[3,0,3]{0-63},
	C:[4,0,4]{0-67},
	C:[4,0,4]{0-71},
	A:[5,5,0]{26-0}
]
Header:36-10:[
	B:[2,2,0]{100-0}
]
Header:37-10:
]
Header:38-10:[
	C:[1,0,1]{0-72},
	C:[4,0,4]{0-76},
	B:[5,5,0]{95-0},
	A:[1,1,0]{25-0},
	B:[4,4,0]{91-0}
]
Header:41-10:[
	A:[4,4,0]{21-0}
]
Header:42-10:[
	C:[2,0,2]{0-78},
	A:[3,3,0]{18-0},
	C:[3,0,3]{0-81},
	B:[5,5,0]{86-0},
	C:[4,0,4]{0-85},
	B:[1,1,0]{85-0},
	A:[5,5,0]{13-0},
	C:[5,0,5]{0-99}
]
Header:43-10:[
	C:[1,0,1]{0-104}
]
Header:44-10:[
	C:[5,0,5]{0-109},
	B:[2,2,0]{83-0},
	C:[5,0,5]{0-114},
	B:[2,2,0]{81-0}
]
Header:45-10:[
	B:[5,5,0]{76-0},
	B:[2,2,0]{74-0}
]
Header:46-10:[
	A:[4,4,0]{9-0},
	B:[1,1,0]{73-0},
	B:[4,4,0]{69-0}
]
Header:49-10:
]
Header:50-10:
]
Header:51-10:[
	C:[2,0,2]{0-119}
]
Header:54-10:[
	B:[2,2,0]{67-0},
	C:[5,0,5]{0-124},
	B:[3,3,0]{64-0},
	C:[4,0,4]{0-128},
	A:[5,5,0]{4-0},
	C:[4,0,4]{0-134},
	A:[4,4,0]{0-0}
]
Header:55-10:[
	B:[3,3,0]{61-0},
	C:[5,0,5]{0-139},
	B:[4,4,0]{57-0},
	B:[5,5,0]{52-0},
	A:[3,0,3]{0-3},
	A:[5,0,5]{0-8},
	B:[4,4,0]{48-0}
]
Header:56-10:[
	B:[2,2,0]{46-0},
	C:[2,0,2]{0-146}
]
Header:60-10:[
	C:[4,0,4]{0-150},
	B:[3,3,0]{43-0},
	B:[4,4,0]{39-0},
	A:[2,0,2]{0-10},
	B:[3,3,0]{36-0}
]
Header:61-10:
]
Header:63-10:[
	A:[4,0,4]{0-14},
	C:[2,0,2]{0-154},
	C:[4,0,4]{0-158},
	A:[4,0,4]{0-18}
]
Header:67-10:[
	A:[1,0,1]{0-19}
]
Header:72-10:[
	C:[5,0,5]{0-189},
	C:[2,0,2]{0-191},
	A:[1,0,1]{0-20},
	A:[5,0,5]{0-25}
]
Header:73-10:
]
Header:77-10:[
	C:[2,0,2]{0-193},
	A:[5,0,5]{0-30}
]
Header:78-10:[
	B:[3,3,0]{33-0},
	C:[5,0,5]{0-203},
	C:[4,0,4]{0-207}
]
Header:79-10:[
	A:[2,0,2]{0-32}
]
Header:81-10:
]
Header:82-10:[
	B:[2,2,0]{31-0}
]
Header:83-10:[
	A:[5,0,5]{0-37},
	A:[5,0,5]{0-42}
]
Header:84-10:[
	B:[2,2,0]{29-0},
	A:[1,0,1]{0-43}
]
Header:85-10:[
	A:[1,0,1]{0-44},
	A:[5,0,5]{0-49},
	C:[3,0,3]{0-210},
	A:[4,0,4]{0-53},
	B:[3,3,0]{26-0}
]
Header:86-10:[
	B:[1,1,0]{25-0},
	B:[4,4,0]{21-0}
]
Header:87-10:[
	B:[4,4,0]{17-0}
]
Header:88-10:[
	C:[4,0,4]{0-214},
	B:[1,1,0]{16-0},
	A:[3,0,3]{0-56},
	B:[4,4,0]{12-0}
]
Header:89-10:[
	A:[2,0,2]{0-58},
	C:[2,0,2]{0-216}
]
Header:91-10:
]
Header:95-10:[
	B:[1,1,0]{11-0},
	A:[2,0,2]{0-60}
]
Header:96-10:[
	B:[3,3,0]{8-0},
	B:[1,1,0]{7-0},
	A:[1,0,1]{0-61},
	C:[2,0,2]{0-222},
	B:[4,4,0]{3-0},
	A:[1,0,1]{0-62},
	C:[5,0,5]{0-232},
	C:[2,0,2]{0-234},
	A:[2,0,2]{0-64}
]
Header:97-10:
]
Header:98-10:
]
Header:99-10:[
	A:[2,0,2]{0-66},
	A:[4,0,4]{0-70}
]
Header:100-10:[
	A:[1,0,1]{0-71},
	A:[4,0,4]{0-75},
	B:[5,0,5]{3-5},
	A:[4,0,4]{0-79},
	A:[1,0,1]{0-80}
]
Header:102-10:[
	A:[2,0,2]{0-82},
	C:[1,0,1]{0-256},
	C:[4,0,4]{0-264}
]
Header:104-10:[
	C:[5,0,5]{0-269}
]
Header:105-10:[
	C:[4,0,4]{0-273}
]
Header:110-10:[
	B:[1,1,0]{2-5},
	A:[4,0,4]{0-86},
	B:[1,1,0]{1-5},
	B:[1,1,0]{0-5}
]
Header:111-10:
]
Header:112-10:[
	C:[4,0,4]{0-305},
	C:[2,0,2]{0-307}
]
Header:116-10:[
	A:[3,0,3]{0-89}
]
Header:118-10:[
	C:[4,0,4]{0-311},
	A:[1,0,1]{0-90},
	B:[3,0,3]{0-8},
	A:[2,0,2]{0-92},
	A:[3,0,3]{0-95}
]
Header:119-10:[
	A:[4,0,4]{0-99}
]
Header:123-10:[
	A:[1,0,1]{0-100}
]
Header:124-10:[
	B:[5,0,5]{0-13},
	B:[3,0,3]{0-16},
	C:[2,0,2]{0-313}
]
Header:127-10:[
	B:[5,0,5]{0-21},
	B:[2,0,2]{0-23},
	B:[4,0,4]{0-27}
]
Header:128-10:[
	A:[4,0,4]{0-104},
	A:[1,0,1]{0-105},
	A:[1,0,1]{0-106},
	C:[1,0,1]{0-330},
	A:[5,0,5]{0-111},
	A:[3,0,3]{0-114}
]
Header:129-10:[
	B:[2,0,2]{0-29},
	B:[2,0,2]{0-31},
	C:[4,0,4]{0-345},
	B:[5,0,5]{0-36},
	A:[1,0,1]{0-115}
]
Header:132-10:
]
Header:133-10:[
	B:[2,0,2]{0-38}
]
Header:134-10:
]
Header:135-10:[
	B:[5,0,5]{0-43},
	A:[4,0,4]{0-119},
	B:[1,0,1]{0-44},
	B:[3,0,3]{0-47},
	A:[3,0,3]{0-122},
	A:[2,0,2]{0-124}
]
Header:139-10:
]
Header:142-10:[
	A:[3,0,3]{0-127},
	B:[3,0,3]{0-50},
	B:[5,0,5]{0-55},
	B:[2,0,2]{0-57},
	B:[3,0,3]{0-60},
	C:[2,0,2]{0-371},
	B:[4,0,4]{0-64},
	A:[1,0,1]{0-128},
	A:[1,0,1]{0-129}
]
Header:144-10:[
	B:[1,0,1]{0-65},
	C:[4,0,4]{0-377},
	B:[5,0,5]{0-70},
	C:[3,0,3]{0-380},
	A:[4,0,4]{0-133},
	B:[1,0,1]{0-71},
	B:[1,0,1]{0-72},
	C:[3,0,3]{0-395}
]
Header:24-12:[
	D:[1,0,1]{0-172},
	C:[1,0,1]{0-396},
	C:[2,0,2]{0-398},
	D:[4,0,4]{0-176},
	D:[5,0,5]{0-181},
	A:[1,0,1]{0-134},
	A:[4,0,4]{0-138},
	A:[3,0,3]{0-141}
]

